2026-06-15 00:18:23.716 snapshot_dir=C:\Users\arthu\AppData\Local\Temp\pytest-of-arthu\pytest-113\test_build_tree_uses_exported_0\.dump\snapshots
2026-06-15 00:18:23.716 ide_xml_path=C:\Users\arthu\AppData\Local\Temp\pytest-of-arthu\pytest-113\test_build_tree_uses_exported_0\.dump\IDE.xml
2026-06-15 00:18:23.717 tree_json_path=C:\Users\arthu\AppData\Local\Temp\pytest-of-arthu\pytest-113\test_build_tree_uses_exported_0\.dump\snapshots\variable_tree.json
2026-06-15 00:18:23.717 cache miss, calling _snapshooter_export_objects...
2026-06-15 00:18:23.717 get_children(recursive=True)...
2026-06-15 00:18:23.718 get_children returned 4 children in 0.00s
2026-06-15 00:18:23.718 filtered to 2 textual objects in 0.00s
2026-06-15 00:18:23.719 _snapshooter_export_objects done in 0.00s, 2 objects
2026-06-15 00:18:23.719 calling export_selected_snapshot with 2 objects to C:\Users\arthu\AppData\Local\Temp\pytest-of-arthu\pytest-113\test_build_tree_uses_exported_0\.dump\IDE.xml...
2026-06-15 00:18:23.720 export_selected_snapshot returned True in 0.00s
2026-06-15 00:18:23.720 calling run_external_engine snapshooter-map...
2026-06-15 00:18:23.721 run_external_engine returned True in 0.00s
2026-06-15 00:18:23.721 loading tree JSON: C:\Users\arthu\AppData\Local\Temp\pytest-of-arthu\pytest-113\test_build_tree_uses_exported_0\.dump\snapshots\variable_tree.json
2026-06-15 00:18:23.722 loading tree from JSON: C:\Users\arthu\AppData\Local\Temp\pytest-of-arthu\pytest-113\test_build_tree_uses_exported_0\.dump\snapshots\variable_tree.json
2026-06-15 00:18:23.725 json.load done in 0.00s
2026-06-15 00:18:23.727 loaded 2 rows (slim) total
2026-06-15 00:18:23.727 _load_snapshooter_tree done in 0.01s
2026-06-15 00:18:23.730 build_tui_tree: 2 input rows
2026-06-15 00:18:23.730 build_tui_tree done: 4 nodes, 1 root children in 0.00s
2026-06-15 00:18:23.731 build_tui_tree: 2 input rows
2026-06-15 00:18:23.731 build_tui_tree done: 4 nodes, 1 root children in 0.00s
